// Jest Snapshot v1, https://goo.gl/fbAQLP

exports[`<RatingBox /> should matches with snapshot 1`] = `
.c0 {
  display: -webkit-box;
  display: -webkit-flex;
  display: -ms-flexbox;
  display: flex;
  -webkit-align-items: center;
  -webkit-box-align: center;
  -ms-flex-align: center;
  align-items: center;
  -webkit-box-pack: center;
  -webkit-justify-content: center;
  -ms-flex-pack: center;
  justify-content: center;
  -webkit-column-gap: 1.4rem;
  column-gap: 1.4rem;
  color: #FFFFFF;
}

.c0::before {
  content: url(star.svg);
  -webkit-filter: invert(72%) sepia(86%) saturate(526%) hue-rotate(8deg) brightness(170%) contrast(101%);
  filter: invert(72%) sepia(86%) saturate(526%) hue-rotate(8deg) brightness(170%) contrast(101%);
}

<h4
  class="c0"
>
  9.5
</h4>
`;
