// Jest Snapshot v1, https://goo.gl/fbAQLP

exports[`<TvSerieCardList /> should matches with snapshot 1`] = `
.c6 {
  font-weight: 400;
  font-size: 1.8rem;
  color: #FFFFFF;
  text-align: center;
}

.c7 {
  display: -webkit-box;
  display: -webkit-flex;
  display: -ms-flexbox;
  display: flex;
  -webkit-align-items: center;
  -webkit-box-align: center;
  -ms-flex-align: center;
  align-items: center;
  -webkit-box-pack: center;
  -webkit-justify-content: center;
  -ms-flex-pack: center;
  justify-content: center;
  -webkit-column-gap: 1.4rem;
  column-gap: 1.4rem;
  color: #FFFFFF;
}

.c7::before {
  content: url(star.svg);
}

.c1 {
  width: 24rem;
}

.c5 {
  width: 100%;
  position: absolute;
  right: 0;
  bottom: 0.2rem;
  display: -webkit-box;
  display: -webkit-flex;
  display: -ms-flexbox;
  display: flex;
  -webkit-flex-direction: column;
  -ms-flex-direction: column;
  flex-direction: column;
  -webkit-align-items: center;
  -webkit-box-align: center;
  -ms-flex-align: center;
  align-items: center;
  -webkit-box-pack: center;
  -webkit-justify-content: center;
  -ms-flex-pack: center;
  justify-content: center;
  padding: 1.5rem 0;
  visibility: hidden;
  opacity: 0;
  -webkit-transition: visibility 0.3s,opacity 0.3s;
  transition: visibility 0.3s,opacity 0.3s;
  border-bottom-left-radius: inherit;
  border-bottom-right-radius: inherit;
  background: #413B3B88;
}

.c2 {
  border-radius: 1.2rem;
  position: relative;
}

.c2:hover .c4 {
  visibility: visible;
  opacity: 1;
}

.c3 {
  width: 100%;
  border-radius: inherit;
}

.c0 {
  display: -webkit-box;
  display: -webkit-flex;
  display: -ms-flexbox;
  display: flex;
  -webkit-align-items: center;
  -webkit-box-align: center;
  -ms-flex-align: center;
  align-items: center;
  -webkit-box-pack: space-around;
  -webkit-justify-content: space-around;
  -ms-flex-pack: space-around;
  justify-content: space-around;
}

<ul
  class="c0"
  data-testid="tvserielistcontainer"
>
  <li>
    <article
      class="c1"
    >
      <figure
        class="c2"
      >
        <img
          alt="poster da série Round 6"
          class="c3"
          src="https://image.tmdb.org/t/p/original/6gcHdboppvplmBWxvROc96NJnmm.jpg"
        />
        <figcaption
          class="c4 c5"
        >
          <p
            class="c6"
          >
            Round 6
          </p>
          <h4
            class="c7"
          >
            7.5
          </h4>
        </figcaption>
      </figure>
    </article>
  </li>
  <li>
    <article
      class="c1"
    >
      <figure
        class="c2"
      >
        <img
          alt="poster da série Round 6"
          class="c3"
          src="https://image.tmdb.org/t/p/original/6gcHdboppvplmBWxvROc96NJnmm.jpg"
        />
        <figcaption
          class="c4 c5"
        >
          <p
            class="c6"
          >
            Round 6
          </p>
          <h4
            class="c7"
          >
            7.5
          </h4>
        </figcaption>
      </figure>
    </article>
  </li>
  <li>
    <article
      class="c1"
    >
      <figure
        class="c2"
      >
        <img
          alt="poster da série Round 6"
          class="c3"
          src="https://image.tmdb.org/t/p/original/6gcHdboppvplmBWxvROc96NJnmm.jpg"
        />
        <figcaption
          class="c4 c5"
        >
          <p
            class="c6"
          >
            Round 6
          </p>
          <h4
            class="c7"
          >
            7.5
          </h4>
        </figcaption>
      </figure>
    </article>
  </li>
  <li>
    <article
      class="c1"
    >
      <figure
        class="c2"
      >
        <img
          alt="poster da série Round 6"
          class="c3"
          src="https://image.tmdb.org/t/p/original/6gcHdboppvplmBWxvROc96NJnmm.jpg"
        />
        <figcaption
          class="c4 c5"
        >
          <p
            class="c6"
          >
            Round 6
          </p>
          <h4
            class="c7"
          >
            7.5
          </h4>
        </figcaption>
      </figure>
    </article>
  </li>
  <li>
    <article
      class="c1"
    >
      <figure
        class="c2"
      >
        <img
          alt="poster da série Round 6"
          class="c3"
          src="https://image.tmdb.org/t/p/original/6gcHdboppvplmBWxvROc96NJnmm.jpg"
        />
        <figcaption
          class="c4 c5"
        >
          <p
            class="c6"
          >
            Round 6
          </p>
          <h4
            class="c7"
          >
            7.5
          </h4>
        </figcaption>
      </figure>
    </article>
  </li>
</ul>
`;
